<?xml version="1.0" encoding="UTF-8"?>
<testsuites tests="19">
	<testsuite name="evaluation-service" tests="19" failures="0" errors="0" id="0" hostname="BFL657921-N" time="0.943" timestamp="2026-08-20T10:48:21-03:00">
		<properties>
			<property name="coverage.statements.pct" value="60.10"></property>
		</properties>
		<testcase name="TestGetDeterministicBucket_ReturnsValueBetween0And99" classname="evaluation-service" time="0.000"></testcase>
		<testcase name="TestGetDeterministicBucket_IsDeterministic" classname="evaluation-service" time="0.000"></testcase>
		<testcase name="TestGetDeterministicBucket_DifferentInputsDifferentBuckets" classname="evaluation-service" time="0.000"></testcase>
		<testcase name="TestRunEvaluationLogic_FlagNil_ReturnsFalse" classname="evaluation-service" time="0.000"></testcase>
		<testcase name="TestRunEvaluationLogic_FlagDisabled_ReturnsFalse" classname="evaluation-service" time="0.000"></testcase>
		<testcase name="TestRunEvaluationLogic_FlagEnabledNoRule_ReturnsTrue" classname="evaluation-service" time="0.000"></testcase>
		<testcase name="TestRunEvaluationLogic_RuleDisabled_ReturnsTrue" classname="evaluation-service" time="0.000"></testcase>
		<testcase name="TestRunEvaluationLogic_PercentageRule_100Percent_ReturnsTrue" classname="evaluation-service" time="0.000"></testcase>
		<testcase name="TestRunEvaluationLogic_PercentageRule_0Percent_ReturnsFalse" classname="evaluation-service" time="0.000"></testcase>
		<testcase name="TestRunEvaluationLogic_PercentageRule_InvalidValue_ReturnsFalse" classname="evaluation-service" time="0.100">
			<system-out><![CDATA[2026/08/20 10:41:08 Erro: valor da regra de porcentagem n├úo ├® um n├║mero para a flag 'my-flag']]></system-out>
		</testcase>
		<testcase name="TestNotFoundError_Message" classname="evaluation-service" time="0.000"></testcase>
		<testcase name="TestEvaluationHandler_MissingParams" classname="evaluation-service" time="0.000"></testcase>
		<testcase name="TestEvaluationHandler_MissingParams/sem_par├ómetros" classname="evaluation-service" time="0.000"></testcase>
		<testcase name="TestEvaluationHandler_MissingParams/s├│_user_id" classname="evaluation-service" time="0.000"></testcase>
		<testcase name="TestEvaluationHandler_MissingParams/s├│_flag_name" classname="evaluation-service" time="0.000"></testcase>
		<testcase name="TestEvaluationHandler_FlagNotFound_ReturnsFalse" classname="evaluation-service" time="0.120">
			<system-out><![CDATA[2026/08/20 10:41:09 Cache MISS para flag 'ghost'
2026/08/20 10:41:09 [SQS_DISABLED] Evento: User 'u1', Flag 'ghost', Result 'false']]></system-out>
		</testcase>
		<testcase name="TestEvaluationHandler_ServiceError_Returns502" classname="evaluation-service" time="0.100">
			<system-out><![CDATA[2026/08/20 10:41:09 Cache MISS para flag 'my-flag'
2026/08/20 10:41:09 Erro ao avaliar flag 'my-flag': flag-service retornou status 500]]></system-out>
		</testcase>
		<testcase name="TestEvaluationHandler_Success_ReturnsCorrectShape" classname="evaluation-service" time="0.210">
			<system-out><![CDATA[2026/08/20 10:41:09 Cache MISS para flag 'my-flag'
2026/08/20 10:41:09 Aviso: Nenhuma regra de segmenta├º├úo encontrada para 'my-flag'. Usando padr├úo.
2026/08/20 10:41:09 [SQS_DISABLED] Evento: User 'user-abc', Flag 'my-flag', Result 'true']]></system-out>
		</testcase>
		<testcase name="TestEvalHealthHandler" classname="evaluation-service" time="0.000"></testcase>
	</testsuite>
</testsuites>
